
          ,          ______   ______     __     __   __     __     ______   __  __   
       \  :  /      /\__  _\ /\  == \   /\ \   /\ "-.\ \   /\ \   /\__  _\ /\ \_\ \  
    `. __/ \__ .'   \/_/\ \/ \ \  __<   \ \ \  \ \ \-.  \  \ \ \  \/_/\ \/ \ \____ \ 
    _ _\     /_ _      \ \_\  \ \_\ \_\  \ \_\  \ \_\\"\_\  \ \_\    \ \_\  \/\_____\
       /_   _\          \/_/   \/_/ /_/   \/_/   \/_/ \/_/   \/_/     \/_/   \/_____/
     .'  \ /  `.      
          '             © J.W. Teh, R.S. Klessen                            
        
		      --------------------------------------------------
		      Welcome to [32m]8;;https://github.com/JiaWeiTeh/trinity\TRINITY]8;;\[0m!

		      Notes:
		         - Documentation can be found [32m]8;;https://trinitysf.readthedocs.io/en/latest/index.html\here]8;;\[0m.
		         - [1m[96mBold text[0m indicates that a file is saved,
		           and shows where it is saved.
		         - [1m[94mWarning message[0m. Code runs still.
		         - [1m[91mError encountered.[0m Code terminates.

		      [Version 3.0] 2022. All rights reserved.
		      --------------------------------------------------
[5mLoading parameters:[0m
	model name: 1e7_sfe010_n1e4
	log_mCloud: 6.954242509439325
	SFE: 0.1
	metallicity: 1.0
	density profile: pL_prof
➳ [1m[96mSummary: outputs/1e7_sfe010_n1e4/1e7_sfe010_n1e4_summary.txt[0m
➳ [1m[96mVerbose yaml: outputs/1e7_sfe010_n1e4/1e7_sfe010_n1e4_config.yaml[0m

		      --------------------------------------------------
		      2025-05-15 16:45:01.699834: Initialising bubble
		      --------------------------------------------------
Cloud radius is 18.974pc.
..loaded sps files.
..loaded cooling files.

		      --------------------------------------------------
		      Entering energy driven phase (constant cooling)
		      --------------------------------------------------
Inner discontinuity: 0.02109170913505317.
Initial bubble mass: 0.01882752488351928
Initial bubble pressure: 1940519765.3901594
rfinal: 18.97397598008172
L_wind: 20281726937.426075
pdot_wind: 10848045.09345556
v_wind: 3739.2408978206945


loop 0, R2: 0.02426658073697339.


conditions: R2 < rfinal: 0.02426658073697339:18.97397598008172
conditions: tfinal - t_now: 0.003:6.489708190469499e-06
dt_Emin: 1e-05
tStop_i: 0.0001064897081904695
dt_real: 0.0001
Snapshot saved at t =  6.489708190469499e-06


loop 1, R2: 0.11621254296778566.


conditions: R2 < rfinal: 0.11621254296778566:18.97397598008172
conditions: tfinal - t_now: 0.003:0.00010648970819046938
dt_Emin: 0.0001
tStop_i: 0.0002064897081904694
dt_real: 0.00010000000000000002

Calculate bubble and shell

entering get_bubbleproperties
The initial guess for dMdt is 14877.447019972256.


---dMdt_init befrore get_velocity_residuals--- 14877.447019972256
first phase dMdt
dMdt_params_au["Tgoal"] in get_bubble_ODE_initial_conditions to check when it switches away from 3e4: 30000.0 (K. Initial guess of T at R2prime. Usually 3e4K.)
record, and min temp is 30000.00000000002
dMdt_params_au["Tgoal"] in get_bubble_ODE_initial_conditions to check when it switches away from 3e4: 30000.0 (K. Initial guess of T at R2prime. Usually 3e4K.)
record, and min temp is 30000.000000000015
dMdt_params_au["Tgoal"] in get_bubble_ODE_initial_conditions to check when it switches away from 3e4: 30000.0 (K. Initial guess of T at R2prime. Usually 3e4K.)
record, and min temp is 30000.000000000015
dMdt_params_au["Tgoal"] in get_bubble_ODE_initial_conditions to check when it switches away from 3e4: 30000.0 (K. Initial guess of T at R2prime. Usually 3e4K.)
record, and min temp is 30000.00000000002
dMdt_params_au["Tgoal"] in get_bubble_ODE_initial_conditions to check when it switches away from 3e4: 30000.0 (K. Initial guess of T at R2prime. Usually 3e4K.)
record, and min temp is 30000.00000000002
dMdt_params_au["Tgoal"] in get_bubble_ODE_initial_conditions to check when it switches away from 3e4: 30000.0 (K. Initial guess of T at R2prime. Usually 3e4K.)
record, and min temp is 30000.00000000002
dMdt_params_au["Tgoal"] in get_bubble_ODE_initial_conditions to check when it switches away from 3e4: 30000.0 (K. Initial guess of T at R2prime. Usually 3e4K.)
record, and min temp is 30000.000000000015
dMdt_params_au["Tgoal"] in get_bubble_ODE_initial_conditions to check when it switches away from 3e4: 30000.0 (K. Initial guess of T at R2prime. Usually 3e4K.)
record, and min temp is 30000.000000000015
dMdt_params_au["Tgoal"] in get_bubble_ODE_initial_conditions to check when it switches away from 3e4: 30000.0 (K. Initial guess of T at R2prime. Usually 3e4K.)
record, and min temp is 30000.00000000002
dMdt_params_au["Tgoal"] in get_bubble_ODE_initial_conditions to check when it switches away from 3e4: 30000.0 (K. Initial guess of T at R2prime. Usually 3e4K.)
record, and min temp is 30000.000000000015
dMdt_params_au["Tgoal"] in get_bubble_ODE_initial_conditions to check when it switches away from 3e4: 30000.0 (K. Initial guess of T at R2prime. Usually 3e4K.)
record, and min temp is 30000.00000000002
dMdt_params_au["Tgoal"] in get_bubble_ODE_initial_conditions to check when it switches away from 3e4: 30000.0 (K. Initial guess of T at R2prime. Usually 3e4K.)
record, and min temp is 30000.000000000015
dMdt_params_au["Tgoal"] in get_bubble_ODE_initial_conditions to check when it switches away from 3e4: 30000.0 (K. Initial guess of T at R2prime. Usually 3e4K.)
record, and min temp is 30000.00000000002
dMdt_params_au["Tgoal"] in get_bubble_ODE_initial_conditions to check when it switches away from 3e4: 30000.0 (K. Initial guess of T at R2prime. Usually 3e4K.)
record, and min temp is 30000.00000000002
dMdt_params_au["Tgoal"] in get_bubble_ODE_initial_conditions to check when it switches away from 3e4: 30000.0 (K. Initial guess of T at R2prime. Usually 3e4K.)
final array selection for bubble_luminosity:
final v_array: [654.50744005 654.37762658 654.27093826 ...   2.24140165   2.24139612
   2.24139059]
final T_array: [3.00000000e+04 4.41932265e+04 5.58581206e+04 ... 8.42941501e+07
 8.42941506e+07 8.42941511e+07]
final dTdr_array: [-1.03929869e+14 -7.92840634e+13 -6.93046902e+13 ... -1.12321690e+09
 -1.12321689e+09 -1.12321689e+09]
final r_array: [0.11621254 0.11621254 0.11621254 ... 0.07711397 0.07711397 0.07711397]


Finish bubble


L_total 904211786.2104875
T_rgoal 48827417.75111307
L_bubble 731916216.4841758
L_conduction 169320657.27662608
L_intermediate 2974912.449685563
bubble_Tavg 54060732.58408846
bubble_mBubble 0.5438505014060874


here calculate_bubble_shell


slizesize 0.0011692753024526825
max_shellRadius 0.12790529599231248
rShell_start 0.11621254296778566
shellthickness 0.011692753024526825
rShell_step 2.338550604905365e-07
1-- not is_allMassSwept and is_phiZero
this is how long the shell array is: 5001 , and here is the stepsize 2.338550604905365e-07 and the slice thickness 0.0011692753024526825
2-- not is_shellDissolved
Snapshot saved at t =  0.00010648970819046938


loop 2, R2: 0.15077054489225236.


conditions: R2 < rfinal: 0.15077054489225236:18.97397598008172
conditions: tfinal - t_now: 0.003:0.0001564897081904706
dt_Emin: 0.0001
tStop_i: 0.0002564897081904706
dt_real: 0.00010000000000000002

Calculate bubble and shell

entering get_bubbleproperties


---dMdt_init befrore get_velocity_residuals--- 15887.028525955679
first phase dMdt
dMdt_params_au["Tgoal"] in get_bubble_ODE_initial_conditions to check when it switches away from 3e4: 30000.0 (K. Initial guess of T at R2prime. Usually 3e4K.)
record, and min temp is 30000.000000000015
dMdt_params_au["Tgoal"] in get_bubble_ODE_initial_conditions to check when it switches away from 3e4: 30000.0 (K. Initial guess of T at R2prime. Usually 3e4K.)
record, and min temp is 30000.000000000015
dMdt_params_au["Tgoal"] in get_bubble_ODE_initial_conditions to check when it switches away from 3e4: 30000.0 (K. Initial guess of T at R2prime. Usually 3e4K.)
record, and min temp is 30000.000000000015
dMdt_params_au["Tgoal"] in get_bubble_ODE_initial_conditions to check when it switches away from 3e4: 30000.0 (K. Initial guess of T at R2prime. Usually 3e4K.)
record, and min temp is 30000.000000000015
dMdt_params_au["Tgoal"] in get_bubble_ODE_initial_conditions to check when it switches away from 3e4: 30000.0 (K. Initial guess of T at R2prime. Usually 3e4K.)
record, and min temp is 30000.000000000015
dMdt_params_au["Tgoal"] in get_bubble_ODE_initial_conditions to check when it switches away from 3e4: 30000.0 (K. Initial guess of T at R2prime. Usually 3e4K.)
record, and min temp is 30000.000000000015
dMdt_params_au["Tgoal"] in get_bubble_ODE_initial_conditions to check when it switches away from 3e4: 30000.0 (K. Initial guess of T at R2prime. Usually 3e4K.)
record, and min temp is 30000.000000000015
dMdt_params_au["Tgoal"] in get_bubble_ODE_initial_conditions to check when it switches away from 3e4: 30000.0 (K. Initial guess of T at R2prime. Usually 3e4K.)
final array selection for bubble_luminosity:
final v_array: [577.80469505 577.69888747 577.60597746 ...  -0.64409401  -0.64409902
  -0.64410402]
final T_array: [3.00000000e+04 4.18727090e+04 5.22982332e+04 ... 7.68720743e+07
 7.68720748e+07 7.68720753e+07]
final dTdr_array: [-6.15595816e+13 -5.31246638e+13 -4.69302623e+13 ... -7.78485626e+08
 -7.78485625e+08 -7.78485625e+08]
final r_array: [0.15077054 0.15077054 0.15077054 ... 0.09890535 0.09890535 0.09890535]


Finish bubble


L_total 916402397.6643423
T_rgoal 44046773.6699069
L_bubble 734191704.6032091
L_conduction 179036077.7799164
L_intermediate 3174615.281216685
bubble_Tavg 49170720.610915214
bubble_mBubble 0.8055102080132178


here calculate_bubble_shell


slizesize 0.001629417175875844
max_shellRadius 0.1670647166510108
rShell_start 0.15077054489225236
shellthickness 0.01629417175875844
rShell_step 3.258834351751688e-07
1-- not is_allMassSwept and is_phiZero
this is how long the shell array is: 5000 , and here is the stepsize 3.258834351751688e-07 and the slice thickness 0.001629417175875844
2-- not is_shellDissolved
Snapshot saved at t =  0.0001564897081904706


loop 3, R2: 0.18306781033499417.


conditions: R2 < rfinal: 0.18306781033499417:18.97397598008172
conditions: tfinal - t_now: 0.003:0.0002064897081904718
dt_Emin: 0.0001
tStop_i: 0.00030648970819047183
dt_real: 0.00010000000000000002

Calculate bubble and shell

entering get_bubbleproperties


---dMdt_init befrore get_velocity_residuals--- 15838.897764083544
first phase dMdt
dMdt_params_au["Tgoal"] in get_bubble_ODE_initial_conditions to check when it switches away from 3e4: 30000.0 (K. Initial guess of T at R2prime. Usually 3e4K.)
record, and min temp is 30000.00000000002
dMdt_params_au["Tgoal"] in get_bubble_ODE_initial_conditions to check when it switches away from 3e4: 30000.0 (K. Initial guess of T at R2prime. Usually 3e4K.)
record, and min temp is 30000.000000000015
dMdt_params_au["Tgoal"] in get_bubble_ODE_initial_conditions to check when it switches away from 3e4: 30000.0 (K. Initial guess of T at R2prime. Usually 3e4K.)
record, and min temp is 30000.000000000015
dMdt_params_au["Tgoal"] in get_bubble_ODE_initial_conditions to check when it switches away from 3e4: 30000.0 (K. Initial guess of T at R2prime. Usually 3e4K.)
record, and min temp is 30000.000000000015
dMdt_params_au["Tgoal"] in get_bubble_ODE_initial_conditions to check when it switches away from 3e4: 30000.0 (K. Initial guess of T at R2prime. Usually 3e4K.)
record, and min temp is 30000.000000000015
dMdt_params_au["Tgoal"] in get_bubble_ODE_initial_conditions to check when it switches away from 3e4: 30000.0 (K. Initial guess of T at R2prime. Usually 3e4K.)
record, and min temp is 30000.00000000002
dMdt_params_au["Tgoal"] in get_bubble_ODE_initial_conditions to check when it switches away from 3e4: 30000.0 (K. Initial guess of T at R2prime. Usually 3e4K.)
record, and min temp is 30000.00000000002
dMdt_params_au["Tgoal"] in get_bubble_ODE_initial_conditions to check when it switches away from 3e4: 30000.0 (K. Initial guess of T at R2prime. Usually 3e4K.)
record, and min temp is 30000.000000000015
dMdt_params_au["Tgoal"] in get_bubble_ODE_initial_conditions to check when it switches away from 3e4: 30000.0 (K. Initial guess of T at R2prime. Usually 3e4K.)
record, and min temp is 30000.000000000015
dMdt_params_au["Tgoal"] in get_bubble_ODE_initial_conditions to check when it switches away from 3e4: 30000.0 (K. Initial guess of T at R2prime. Usually 3e4K.)
record, and min temp is 30000.000000000015
dMdt_params_au["Tgoal"] in get_bubble_ODE_initial_conditions to check when it switches away from 3e4: 30000.0 (K. Initial guess of T at R2prime. Usually 3e4K.)
final array selection for bubble_luminosity:
final v_array: [531.68129259 531.59138063 531.51409379 ...   6.76099549   6.76099094
   6.7609864 ]
final T_array: [3.00000000e+04 4.03200209e+04 4.91909910e+04 ... 7.24397392e+07
 7.24397397e+07 7.24397402e+07]
final dTdr_array: [-4.20469348e+13 -3.74133950e+13 -3.14449067e+13 ... -5.93354336e+08
 -5.93354336e+08 -5.93354336e+08]
final r_array: [0.18306781 0.18306781 0.18306781 ... 0.11832748 0.11832748 0.11832748]


Finish bubble


L_total 932630655.7396466
T_rgoal 40958410.58676714
L_bubble 742413435.548661
L_conduction 186794725.799488
L_intermediate 3422494.391497439
bubble_Tavg 46166751.468660496
bubble_mBubble 1.09209129394092


here calculate_bubble_shell


slizesize 0.002069442267850463
max_shellRadius 0.2037622330134988
rShell_start 0.18306781033499417
shellthickness 0.02069442267850463
rShell_step 4.138884535700926e-07
1-- not is_allMassSwept and is_phiZero
this is how long the shell array is: 5001 , and here is the stepsize 4.138884535700926e-07 and the slice thickness 0.002069442267850463
2-- not is_shellDissolved
Snapshot saved at t =  0.0002064897081904718


loop 4, R2: 0.21166678888979343.


conditions: R2 < rfinal: 0.21166678888979343:18.97397598008172
conditions: tfinal - t_now: 0.003:0.000256489708190473
dt_Emin: 0.0001
tStop_i: 0.000356489708190473
dt_real: 9.999999999999999e-05

Calculate bubble and shell

entering get_bubbleproperties


---dMdt_init befrore get_velocity_residuals--- 15949.776549589025
first phase dMdt
dMdt_params_au["Tgoal"] in get_bubble_ODE_initial_conditions to check when it switches away from 3e4: 30000.0 (K. Initial guess of T at R2prime. Usually 3e4K.)
record, and min temp is 30000.00000000002
dMdt_params_au["Tgoal"] in get_bubble_ODE_initial_conditions to check when it switches away from 3e4: 30000.0 (K. Initial guess of T at R2prime. Usually 3e4K.)
record, and min temp is 30000.00000000002
dMdt_params_au["Tgoal"] in get_bubble_ODE_initial_conditions to check when it switches away from 3e4: 30000.0 (K. Initial guess of T at R2prime. Usually 3e4K.)
record, and min temp is 30000.00000000002
dMdt_params_au["Tgoal"] in get_bubble_ODE_initial_conditions to check when it switches away from 3e4: 30000.0 (K. Initial guess of T at R2prime. Usually 3e4K.)
record, and min temp is 30000.000000000015
dMdt_params_au["Tgoal"] in get_bubble_ODE_initial_conditions to check when it switches away from 3e4: 30000.0 (K. Initial guess of T at R2prime. Usually 3e4K.)
record, and min temp is 30000.00000000002
dMdt_params_au["Tgoal"] in get_bubble_ODE_initial_conditions to check when it switches away from 3e4: 30000.0 (K. Initial guess of T at R2prime. Usually 3e4K.)
record, and min temp is 30000.000000000015
dMdt_params_au["Tgoal"] in get_bubble_ODE_initial_conditions to check when it switches away from 3e4: 30000.0 (K. Initial guess of T at R2prime. Usually 3e4K.)
record, and min temp is 30000.00000000002
dMdt_params_au["Tgoal"] in get_bubble_ODE_initial_conditions to check when it switches away from 3e4: 30000.0 (K. Initial guess of T at R2prime. Usually 3e4K.)
record, and min temp is 30000.000000000015
dMdt_params_au["Tgoal"] in get_bubble_ODE_initial_conditions to check when it switches away from 3e4: 30000.0 (K. Initial guess of T at R2prime. Usually 3e4K.)
record, and min temp is 30000.000000000015
dMdt_params_au["Tgoal"] in get_bubble_ODE_initial_conditions to check when it switches away from 3e4: 30000.0 (K. Initial guess of T at R2prime. Usually 3e4K.)
final array selection for bubble_luminosity:
final v_array: [494.89233083 494.81504635 494.74853312 ...  -1.02666374  -1.02666825
  -1.02667275]
final T_array: [3.00000000e+04 3.91092867e+04 4.69490427e+04 ... 7.02906077e+07
 7.02906082e+07 7.02906086e+07]
final dTdr_array: [-3.19603887e+13 -2.72473669e+13 -2.42393610e+13 ... -4.87432737e+08
 -4.87432737e+08 -4.87432738e+08]
final r_array: [0.21166679 0.21166679 0.21166679 ... 0.13393144 0.13393144 0.13393144]


Finish bubble


L_total 974234987.2563936
T_rgoal 38977639.84821497
L_bubble 773532786.9163661
L_conduction 196954963.28842002
L_intermediate 3747237.051607542
bubble_Tavg 44513995.776456304
bubble_mBubble 1.3999092921661924


here calculate_bubble_shell


slizesize 0.0024410823085500325
max_shellRadius 0.23607761197529376
rShell_start 0.21166678888979343
shellthickness 0.024410823085500327
rShell_step 4.882164617100066e-07
1-- not is_allMassSwept and is_phiZero
this is how long the shell array is: 5000 , and here is the stepsize 4.882164617100066e-07 and the slice thickness 0.0024410823085500325
2-- not is_shellDissolved
Snapshot saved at t =  0.000256489708190473


loop 5, R2: 0.2374172037191665.


conditions: R2 < rfinal: 0.2374172037191665:18.97397598008172
conditions: tfinal - t_now: 0.003:0.0003064897081904471
dt_Emin: 0.0001
tStop_i: 0.0004064897081904471
dt_real: 9.999999999999999e-05

Calculate bubble and shell

entering get_bubbleproperties


---dMdt_init befrore get_velocity_residuals--- 16207.416132358901
first phase dMdt
dMdt_params_au["Tgoal"] in get_bubble_ODE_initial_conditions to check when it switches away from 3e4: 30000.0 (K. Initial guess of T at R2prime. Usually 3e4K.)
record, and min temp is 30000.000000000015
dMdt_params_au["Tgoal"] in get_bubble_ODE_initial_conditions to check when it switches away from 3e4: 30000.0 (K. Initial guess of T at R2prime. Usually 3e4K.)
record, and min temp is 30000.000000000015
dMdt_params_au["Tgoal"] in get_bubble_ODE_initial_conditions to check when it switches away from 3e4: 30000.0 (K. Initial guess of T at R2prime. Usually 3e4K.)
record, and min temp is 30000.00000000002
dMdt_params_au["Tgoal"] in get_bubble_ODE_initial_conditions to check when it switches away from 3e4: 30000.0 (K. Initial guess of T at R2prime. Usually 3e4K.)
record, and min temp is 30000.000000000015
dMdt_params_au["Tgoal"] in get_bubble_ODE_initial_conditions to check when it switches away from 3e4: 30000.0 (K. Initial guess of T at R2prime. Usually 3e4K.)
record, and min temp is 30000.000000000015
dMdt_params_au["Tgoal"] in get_bubble_ODE_initial_conditions to check when it switches away from 3e4: 30000.0 (K. Initial guess of T at R2prime. Usually 3e4K.)
record, and min temp is 30000.000000000015
dMdt_params_au["Tgoal"] in get_bubble_ODE_initial_conditions to check when it switches away from 3e4: 30000.0 (K. Initial guess of T at R2prime. Usually 3e4K.)
final array selection for bubble_luminosity:
final v_array: [464.53371939 464.46461636 464.40233879 ...  -1.55085096  -1.55085532
  -1.55085968]
final T_array: [3.00000000e+04 3.84137549e+04 4.59965045e+04 ... 6.88806540e+07
 6.88806544e+07 6.88806549e+07]
final dTdr_array: [-2.57062348e+13 -2.24655812e+13 -2.06982133e+13 ... -4.17180054e+08
 -4.17180054e+08 -4.17180054e+08]
final r_array: [0.2374172  0.2374172  0.2374172  ... 0.14693295 0.14693295 0.14693295]


Finish bubble


L_total 1031309823.7625365
T_rgoal 37471392.85369677
L_bubble 819022003.0832775
L_conduction 208106223.22194025
L_intermediate 4181597.457318723
bubble_Tavg 43336377.88643013
bubble_mBubble 1.72542668086806


here calculate_bubble_shell


slizesize 0.0027620478195312798
max_shellRadius 0.2650376819144793
rShell_start 0.2374172037191665
shellthickness 0.027620478195312798
rShell_step 5.52409563906256e-07
1-- not is_allMassSwept and is_phiZero
this is how long the shell array is: 5001 , and here is the stepsize 5.52409563906256e-07 and the slice thickness 0.0027620478195312798
2-- not is_shellDissolved
Snapshot saved at t =  0.0003064897081904471


loop 6, R2: 0.26102527820916593.


conditions: R2 < rfinal: 0.26102527820916593:18.97397598008172
conditions: tfinal - t_now: 0.003:0.0003564897081904212
dt_Emin: 0.0001
tStop_i: 0.0004564897081904212
dt_real: 9.999999999999999e-05

Calculate bubble and shell

entering get_bubbleproperties


---dMdt_init befrore get_velocity_residuals--- 16400.57705609369
first phase dMdt
dMdt_params_au["Tgoal"] in get_bubble_ODE_initial_conditions to check when it switches away from 3e4: 30000.0 (K. Initial guess of T at R2prime. Usually 3e4K.)
record, and min temp is 30000.000000000015
dMdt_params_au["Tgoal"] in get_bubble_ODE_initial_conditions to check when it switches away from 3e4: 30000.0 (K. Initial guess of T at R2prime. Usually 3e4K.)
record, and min temp is 30000.000000000015
dMdt_params_au["Tgoal"] in get_bubble_ODE_initial_conditions to check when it switches away from 3e4: 30000.0 (K. Initial guess of T at R2prime. Usually 3e4K.)
record, and min temp is 30000.000000000015
dMdt_params_au["Tgoal"] in get_bubble_ODE_initial_conditions to check when it switches away from 3e4: 30000.0 (K. Initial guess of T at R2prime. Usually 3e4K.)
record, and min temp is 30000.000000000015
dMdt_params_au["Tgoal"] in get_bubble_ODE_initial_conditions to check when it switches away from 3e4: 30000.0 (K. Initial guess of T at R2prime. Usually 3e4K.)
record, and min temp is 30000.000000000015
dMdt_params_au["Tgoal"] in get_bubble_ODE_initial_conditions to check when it switches away from 3e4: 30000.0 (K. Initial guess of T at R2prime. Usually 3e4K.)
record, and min temp is 30000.000000000015
dMdt_params_au["Tgoal"] in get_bubble_ODE_initial_conditions to check when it switches away from 3e4: 30000.0 (K. Initial guess of T at R2prime. Usually 3e4K.)
record, and min temp is 30000.000000000015
dMdt_params_au["Tgoal"] in get_bubble_ODE_initial_conditions to check when it switches away from 3e4: 30000.0 (K. Initial guess of T at R2prime. Usually 3e4K.)
record, and min temp is 30000.000000000015
dMdt_params_au["Tgoal"] in get_bubble_ODE_initial_conditions to check when it switches away from 3e4: 30000.0 (K. Initial guess of T at R2prime. Usually 3e4K.)
record, and min temp is 30000.000000000015
dMdt_params_au["Tgoal"] in get_bubble_ODE_initial_conditions to check when it switches away from 3e4: 30000.0 (K. Initial guess of T at R2prime. Usually 3e4K.)
record, and min temp is 30000.000000000015
dMdt_params_au["Tgoal"] in get_bubble_ODE_initial_conditions to check when it switches away from 3e4: 30000.0 (K. Initial guess of T at R2prime. Usually 3e4K.)
final array selection for bubble_luminosity:
final v_array: [ 4.39087434e+02  4.39022993e+02  4.38963277e+02 ... -1.58621966e-01
 -1.58626160e-01 -1.58630353e-01]
final T_array: [3.00000000e+04 3.81066326e+04 4.56188947e+04 ... 6.78516328e+07
 6.78516333e+07 6.78516337e+07]
final dTdr_array: [-2.14672989e+13 -1.96372353e+13 -1.83540490e+13 ... -3.67231947e+08
 -3.67231947e+08 -3.67231948e+08]
final r_array: [0.26102528 0.26102528 0.26102528 ... 0.15818234 0.15818234 0.15818234]


Finish bubble


L_total 1091673894.2956676
T_rgoal 36278219.00848607
L_bubble 870767421.411402
L_conduction 216299116.58935955
L_intermediate 4607356.294906032
bubble_Tavg 42418697.044458225
bubble_mBubble 2.062160507564784


here calculate_bubble_shell


slizesize 0.003047540524218023
max_shellRadius 0.29150068345134617
rShell_start 0.26102527820916593
shellthickness 0.03047540524218023
rShell_step 6.095081048436046e-07
1-- not is_allMassSwept and is_phiZero
this is how long the shell array is: 5000 , and here is the stepsize 6.095081048436046e-07 and the slice thickness 0.003047540524218023
2-- not is_shellDissolved
Snapshot saved at t =  0.0003564897081904212


loop 7, R2: 0.2829767170447577.


conditions: R2 < rfinal: 0.2829767170447577:18.97397598008172
conditions: tfinal - t_now: 0.003:0.00040648970819039533
dt_Emin: 0.0001
tStop_i: 0.0005064897081903954
dt_real: 0.00010000000000000005

Calculate bubble and shell

entering get_bubbleproperties


---dMdt_init befrore get_velocity_residuals--- 16555.36750415009
first phase dMdt
dMdt_params_au["Tgoal"] in get_bubble_ODE_initial_conditions to check when it switches away from 3e4: 30000.0 (K. Initial guess of T at R2prime. Usually 3e4K.)
record, and min temp is 30000.000000000015
dMdt_params_au["Tgoal"] in get_bubble_ODE_initial_conditions to check when it switches away from 3e4: 30000.0 (K. Initial guess of T at R2prime. Usually 3e4K.)
record, and min temp is 30000.000000000015
dMdt_params_au["Tgoal"] in get_bubble_ODE_initial_conditions to check when it switches away from 3e4: 30000.0 (K. Initial guess of T at R2prime. Usually 3e4K.)
record, and min temp is 30000.000000000015
dMdt_params_au["Tgoal"] in get_bubble_ODE_initial_conditions to check when it switches away from 3e4: 30000.0 (K. Initial guess of T at R2prime. Usually 3e4K.)
record, and min temp is 30000.000000000015
dMdt_params_au["Tgoal"] in get_bubble_ODE_initial_conditions to check when it switches away from 3e4: 30000.0 (K. Initial guess of T at R2prime. Usually 3e4K.)
record, and min temp is 30000.000000000015
dMdt_params_au["Tgoal"] in get_bubble_ODE_initial_conditions to check when it switches away from 3e4: 30000.0 (K. Initial guess of T at R2prime. Usually 3e4K.)
record, and min temp is 30000.000000000015
dMdt_params_au["Tgoal"] in get_bubble_ODE_initial_conditions to check when it switches away from 3e4: 30000.0 (K. Initial guess of T at R2prime. Usually 3e4K.)
final array selection for bubble_luminosity:
final v_array: [ 4.17456989e+02  4.17396376e+02  4.17338980e+02 ... -1.02218577e-01
 -1.02222655e-01 -1.02226733e-01]
final T_array: [3.00000000e+04 3.78585002e+04 4.52999324e+04 ... 6.70674156e+07
 6.70674161e+07 6.70674166e+07]
final dTdr_array: [-1.84233162e+13 -1.75080274e+13 -1.65164545e+13 ... -3.30016172e+08
 -3.30016173e+08 -3.30016173e+08]
final r_array: [0.28297672 0.28297672 0.28297672 ... 0.16819599 0.16819599 0.16819598]


Finish bubble


L_total 1147849356.1861744
T_rgoal 35311670.98728485
L_bubble 915039348.0493957
L_conduction 227789893.9539616
L_intermediate 5020114.182816994
bubble_Tavg 41688362.169415906
bubble_mBubble 2.4057142846613626


here calculate_bubble_shell


slizesize 0.0033074470168217296
max_shellRadius 0.316051187212975
rShell_start 0.2829767170447577
shellthickness 0.033074470168217296
rShell_step 6.61489403364346e-07
1-- not is_allMassSwept and is_phiZero
this is how long the shell array is: 5000 , and here is the stepsize 6.61489403364346e-07 and the slice thickness 0.0033074470168217296
2-- not is_shellDissolved
Snapshot saved at t =  0.00040648970819039533


loop 8, R2: 0.303603734978072.


conditions: R2 < rfinal: 0.303603734978072:18.97397598008172
conditions: tfinal - t_now: 0.003:0.00045648970819036944
dt_Emin: 0.0001
tStop_i: 0.0005564897081903695
dt_real: 0.00010000000000000005

Calculate bubble and shell

entering get_bubbleproperties


---dMdt_init befrore get_velocity_residuals--- 16698.040121673614
first phase dMdt
dMdt_params_au["Tgoal"] in get_bubble_ODE_initial_conditions to check when it switches away from 3e4: 30000.0 (K. Initial guess of T at R2prime. Usually 3e4K.)
record, and min temp is 30000.000000000015
dMdt_params_au["Tgoal"] in get_bubble_ODE_initial_conditions to check when it switches away from 3e4: 30000.0 (K. Initial guess of T at R2prime. Usually 3e4K.)
record, and min temp is 30000.000000000015
dMdt_params_au["Tgoal"] in get_bubble_ODE_initial_conditions to check when it switches away from 3e4: 30000.0 (K. Initial guess of T at R2prime. Usually 3e4K.)
record, and min temp is 30000.00000000002
dMdt_params_au["Tgoal"] in get_bubble_ODE_initial_conditions to check when it switches away from 3e4: 30000.0 (K. Initial guess of T at R2prime. Usually 3e4K.)
record, and min temp is 30000.000000000015
dMdt_params_au["Tgoal"] in get_bubble_ODE_initial_conditions to check when it switches away from 3e4: 30000.0 (K. Initial guess of T at R2prime. Usually 3e4K.)
record, and min temp is 30000.000000000015
dMdt_params_au["Tgoal"] in get_bubble_ODE_initial_conditions to check when it switches away from 3e4: 30000.0 (K. Initial guess of T at R2prime. Usually 3e4K.)
record, and min temp is 30000.000000000015
dMdt_params_au["Tgoal"] in get_bubble_ODE_initial_conditions to check when it switches away from 3e4: 30000.0 (K. Initial guess of T at R2prime. Usually 3e4K.)
record, and min temp is 30000.000000000015
dMdt_params_au["Tgoal"] in get_bubble_ODE_initial_conditions to check when it switches away from 3e4: 30000.0 (K. Initial guess of T at R2prime. Usually 3e4K.)
record, and min temp is 30000.000000000015
dMdt_params_au["Tgoal"] in get_bubble_ODE_initial_conditions to check when it switches away from 3e4: 30000.0 (K. Initial guess of T at R2prime. Usually 3e4K.)
record, and min temp is 30000.00000000002
dMdt_params_au["Tgoal"] in get_bubble_ODE_initial_conditions to check when it switches away from 3e4: 30000.0 (K. Initial guess of T at R2prime. Usually 3e4K.)
record, and min temp is 30000.000000000015
dMdt_params_au["Tgoal"] in get_bubble_ODE_initial_conditions to check when it switches away from 3e4: 30000.0 (K. Initial guess of T at R2prime. Usually 3e4K.)
record, and min temp is 30000.000000000015
dMdt_params_au["Tgoal"] in get_bubble_ODE_initial_conditions to check when it switches away from 3e4: 30000.0 (K. Initial guess of T at R2prime. Usually 3e4K.)
record, and min temp is 30000.000000000015
dMdt_params_au["Tgoal"] in get_bubble_ODE_initial_conditions to check when it switches away from 3e4: 30000.0 (K. Initial guess of T at R2prime. Usually 3e4K.)
final array selection for bubble_luminosity:
final v_array: [ 3.98825048e+02  3.98767740e+02  3.98712576e+02 ... -1.35382381e-02
 -1.35422125e-02 -1.35461869e-02]
final T_array: [3.00000000e+04 3.76410117e+04 4.49963875e+04 ... 6.64158586e+07
 6.64158590e+07 6.64158595e+07]
final dTdr_array: [-1.61231249e+13 -1.58169659e+13 -1.49973044e+13 ... -3.00986012e+08
 -3.00986013e+08 -3.00986014e+08]
final r_array: [0.30360373 0.30360373 0.30360373 ... 0.17729232 0.17729232 0.17729231]


Finish bubble


L_total 1200670291.9133217
T_rgoal 34497807.51686044
L_bubble 957033471.3354255
L_conduction 238214970.02194738
L_intermediate 5421850.55594903
bubble_Tavg 41066150.08807903
bubble_mBubble 2.7546173095794257


here calculate_bubble_shell


slizesize 0.0035480671845862675
max_shellRadius 0.3390844068239347
rShell_start 0.303603734978072
shellthickness 0.03548067184586268
rShell_step 7.096134369172535e-07
1-- not is_allMassSwept and is_phiZero
this is how long the shell array is: 5001 , and here is the stepsize 7.096134369172535e-07 and the slice thickness 0.0035480671845862675
2-- not is_shellDissolved
Snapshot saved at t =  0.00045648970819036944


loop 9, R2: 0.3231657557759419.


conditions: R2 < rfinal: 0.3231657557759419:18.97397598008172
conditions: tfinal - t_now: 0.003:0.0005065397081903435
dt_Emin: 0.0001
tStop_i: 0.0006065397081903435
dt_real: 0.00010000000000000005

Calculate bubble and shell

entering get_bubbleproperties


---dMdt_init befrore get_velocity_residuals--- 16821.306562359623
first phase dMdt
dMdt_params_au["Tgoal"] in get_bubble_ODE_initial_conditions to check when it switches away from 3e4: 30000.0 (K. Initial guess of T at R2prime. Usually 3e4K.)
record, and min temp is 30000.000000000015
dMdt_params_au["Tgoal"] in get_bubble_ODE_initial_conditions to check when it switches away from 3e4: 30000.0 (K. Initial guess of T at R2prime. Usually 3e4K.)
record, and min temp is 30000.000000000015
dMdt_params_au["Tgoal"] in get_bubble_ODE_initial_conditions to check when it switches away from 3e4: 30000.0 (K. Initial guess of T at R2prime. Usually 3e4K.)
record, and min temp is 30000.000000000015
dMdt_params_au["Tgoal"] in get_bubble_ODE_initial_conditions to check when it switches away from 3e4: 30000.0 (K. Initial guess of T at R2prime. Usually 3e4K.)
record, and min temp is 30000.000000000015
dMdt_params_au["Tgoal"] in get_bubble_ODE_initial_conditions to check when it switches away from 3e4: 30000.0 (K. Initial guess of T at R2prime. Usually 3e4K.)
record, and min temp is 30000.000000000015
dMdt_params_au["Tgoal"] in get_bubble_ODE_initial_conditions to check when it switches away from 3e4: 30000.0 (K. Initial guess of T at R2prime. Usually 3e4K.)
record, and min temp is 30000.000000000015
dMdt_params_au["Tgoal"] in get_bubble_ODE_initial_conditions to check when it switches away from 3e4: 30000.0 (K. Initial guess of T at R2prime. Usually 3e4K.)
final array selection for bubble_luminosity:
final v_array: [382.5738915  382.51990947 382.46725118 ...   8.71337754   8.7133739
   8.71337025]
final T_array: [3.00000000e+04 3.74180746e+04 4.46542761e+04 ... 6.57044990e+07
 6.57044995e+07 6.57045000e+07]
final dTdr_array: [-1.42601656e+13 -1.43882443e+13 -1.36746137e+13 ... -2.76617228e+08
 -2.76617229e+08 -2.76617230e+08]
final r_array: [0.32316575 0.32316575 0.32316575 ... 0.18569576 0.18569576 0.18569575]


Finish bubble


L_total 1252693874.1584275
T_rgoal 33740240.33098726
L_bubble 998975511.5841129
L_conduction 247881276.71248156
L_intermediate 5837085.861833173
bubble_Tavg 40445270.42572896
bubble_mBubble 3.112856526939547


here calculate_bubble_shell


slizesize 0.003774051370032683
max_shellRadius 0.36090626947626875
rShell_start 0.3231657557759419
shellthickness 0.03774051370032683
rShell_step 7.548102740065366e-07
1-- not is_allMassSwept and is_phiZero
this is how long the shell array is: 5000 , and here is the stepsize 7.548102740065366e-07 and the slice thickness 0.003774051370032683
2-- not is_shellDissolved
Snapshot saved to JSON at t =  0.0005065397081903435


loop 10, R2: 0.3418202518186647.


conditions: R2 < rfinal: 0.3418202518186647:18.97397598008172
conditions: tfinal - t_now: 0.003:0.0005565897081903718
dt_Emin: 0.0001
tStop_i: 0.0006565897081903719
dt_real: 0.00010000000000000005

Calculate bubble and shell

entering get_bubbleproperties


---dMdt_init befrore get_velocity_residuals--- 16856.659878526043
first phase dMdt
dMdt_params_au["Tgoal"] in get_bubble_ODE_initial_conditions to check when it switches away from 3e4: 30000.0 (K. Initial guess of T at R2prime. Usually 3e4K.)
